digraph main {
    _L1;
    _L1 -> somewhere;
    _L2;
    _L2 -> somewhere;
    somewhere;
}
